
[1m[46m RUN [49m[22m [36mv4.1.0 [39m[90mC:/Users/manis/OneDrive/Desktop/poc/croma[39m

node.exe : 
[90mstderr[2m | src/_
_tests__/components/dat
a-page-shell.test.tsx[
2m > 
[22m[2mDataPageShell 
Component[2m > 
[22m[2mrenders the 
title
At line:1 char:1
+ & "C:\Program 
Files\nodejs/node.exe" 
"C:\Program 
Files\nodejs/node_mo 
...
+ ~~~~~~~~~~~~~~~~~~~~~
~~~~~~~~~~~~~~~~~~~~~~~
~~~~~~~~~~~~~~~~~~~~~~~
~~
    + CategoryInfo     
         : NotSpecifi  
  ed: ([90mstderr[   
 2m...nders the tit    
le:String) [], Rem    
oteException
    + FullyQualifiedEr 
   rorId : NativeComm  
  andError
 
[22m[39mAn update to 
AppProvider inside a 
test was not wrapped 
in act(...).

When testing, code 
that causes React 
state updates should 
be wrapped into 
act(...):

act(() => {
  /* fire events that 
update state */
});
/* assert on the 
output */

This ensures that 
you're testing the 
behavior the user 
would see in the 
browser. Learn more at 
https://react.dev/link/
wrap-tests-with-act

[90mstderr[2m | src/_
_tests__/components/dat
a-page-shell.test.tsx[
2m > 
[22m[2mDataPageShell 
Component[2m > 
[22m[2mrenders the 
title
[22m[39mAn update to 
DataPageShell inside a 
test was not wrapped 
in act(...).

When testing, code 
that causes React 
state updates should 
be wrapped into 
act(...):

act(() => {
  /* fire events that 
update state */
});
/* assert on the 
output */

This ensures that 
you're testing the 
behavior the user 
would see in the 
browser. Learn more at 
https://react.dev/link/
wrap-tests-with-act

[90mstderr[2m | src/_
_tests__/components/dat
a-page-shell.test.tsx[
2m > 
[22m[2mDataPageShell 
Component[2m > 
[22m[2mrenders the 
month/year selector
[22m[39mAn update to 
AppProvider inside a 
test was not wrapped 
in act(...).

When testing, code 
that causes React 
state updates should 
be wrapped into 
act(...):

act(() => {
  /* fire events that 
update state */
});
/* assert on the 
output */

This ensures that 
you're testing the 
behavior the user 
would see in the 
browser. Learn more at 
https://react.dev/link/
wrap-tests-with-act

[90mstderr[2m | src/_
_tests__/components/dat
a-page-shell.test.tsx[
2m > 
[22m[2mDataPageShell 
Component[2m > 
[22m[2mrenders the 
month/year selector
[22m[39mAn update to 
DataPageShell inside a 
test was not wrapped 
in act(...).

When testing, code 
that causes React 
state updates should 
be wrapped into 
act(...):

act(() => {
  /* fire events that 
update state */
});
/* assert on the 
output */

This ensures that 
you're testing the 
behavior the user 
would see in the 
browser. Learn more at 
https://react.dev/link/
wrap-tests-with-act

[90mstderr[2m | src/_
_tests__/components/dat
a-page-shell.test.tsx[
2m > 
[22m[2mDataPageShell 
Component[2m > 
[22m[2mrenders Draft 
status badge by default
[22m[39mAn update to 
AppProvider inside a 
test was not wrapped 
in act(...).

When testing, code 
that causes React 
state updates should 
be wrapped into 
act(...):

act(() => {
  /* fire events that 
update state */
});
/* assert on the 
output */

This ensures that 
you're testing the 
behavior the user 
would see in the 
browser. Learn more at 
https://react.dev/link/
wrap-tests-with-act

[90mstderr[2m | src/_
_tests__/components/dat
a-page-shell.test.tsx[
2m > 
[22m[2mDataPageShell 
Component[2m > 
[22m[2mrenders Draft 
status badge by default
[22m[39mAn update to 
DataPageShell inside a 
test was not wrapped 
in act(...).

When testing, code 
that causes React 
state updates should 
be wrapped into 
act(...):

act(() => {
  /* fire events that 
update state */
});
/* assert on the 
output */

This ensures that 
you're testing the 
behavior the user 
would see in the 
browser. Learn more at 
https://react.dev/link/
wrap-tests-with-act

[90mstderr[2m | src/_
_tests__/components/dat
a-page-shell.test.tsx[
2m > 
[22m[2mDataPageShell 
Component[2m > 
[22m[2mrenders tabs 
when provided
[22m[39mAn update to 
AppProvider inside a 
test was not wrapped 
in act(...).

When testing, code 
that causes React 
state updates should 
be wrapped into 
act(...):

act(() => {
  /* fire events that 
update state */
});
/* assert on the 
output */

This ensures that 
you're testing the 
behavior the user 
would see in the 
browser. Learn more at 
https://react.dev/link/
wrap-tests-with-act

[90mstderr[2m | src/_
_tests__/components/dat
a-page-shell.test.tsx[
2m > 
[22m[2mDataPageShell 
Component[2m > 
[22m[2mrenders tabs 
when provided
[22m[39mAn update to 
DataPageShell inside a 
test was not wrapped 
in act(...).

When testing, code 
that causes React 
state updates should 
be wrapped into 
act(...):

act(() => {
  /* fire events that 
update state */
});
/* assert on the 
output */

This ensures that 
you're testing the 
behavior the user 
would see in the 
browser. Learn more at 
https://react.dev/link/
wrap-tests-with-act

[90mstderr[2m | src/_
_tests__/components/dat
a-page-shell.test.tsx[
2m > 
[22m[2mDataPageShell 
Component[2m > 
[22m[2mswitches tabs 
on click
[22m[39mAn update to 
AppProvider inside a 
test was not wrapped 
in act(...).

When testing, code 
that causes React 
state updates should 
be wrapped into 
act(...):

act(() => {
  /* fire events that 
update state */
});
/* assert on the 
output */

This ensures that 
you're testing the 
behavior the user 
would see in the 
browser. Learn more at 
https://react.dev/link/
wrap-tests-with-act

[90mstderr[2m | src/_
_tests__/components/dat
a-page-shell.test.tsx[
2m > 
[22m[2mDataPageShell 
Component[2m > 
[22m[2mswitches tabs 
on click
[22m[39mAn update to 
DataPageShell inside a 
test was not wrapped 
in act(...).

When testing, code 
that causes React 
state updates should 
be wrapped into 
act(...):

act(() => {
  /* fire events that 
update state */
});
/* assert on the 
output */

This ensures that 
you're testing the 
behavior the user 
would see in the 
browser. Learn more at 
https://react.dev/link/
wrap-tests-with-act

[90mstderr[2m | src/_
_tests__/components/dat
a-page-shell.test.tsx[
2m > 
[22m[2mDataPageShell 
Component[2m > 
[22m[2mrenders 
Upload button (user is 
DATA_MANAGER by 
default in provider)
[22m[39mAn update to 
AppProvider inside a 
test was not wrapped 
in act(...).

When testing, code 
that causes React 
state updates should 
be wrapped into 
act(...):

act(() => {
  /* fire events that 
update state */
});
/* assert on the 
output */

This ensures that 
you're testing the 
behavior the user 
would see in the 
browser. Learn more at 
https://react.dev/link/
wrap-tests-with-act

[90mstderr[2m | src/_
_tests__/components/dat
a-page-shell.test.tsx[
2m > 
[22m[2mDataPageShell 
Component[2m > 
[22m[2mrenders 
Upload button (user is 
DATA_MANAGER by 
default in provider)
[22m[39mAn update to 
DataPageShell inside a 
test was not wrapped 
in act(...).

When testing, code 
that causes React 
state updates should 
be wrapped into 
act(...):

act(() => {
  /* fire events that 
update state */
});
/* assert on the 
output */

This ensures that 
you're testing the 
behavior the user 
would see in the 
browser. Learn more at 
https://react.dev/link/
wrap-tests-with-act

[90mstderr[2m | src/_
_tests__/components/dat
a-page-shell.test.tsx[
2m > 
[22m[2mDataPageShell 
Component[2m > 
[22m[2mdoes not show 
Save button when not 
dirty
[22m[39mAn update to 
AppProvider inside a 
test was not wrapped 
in act(...).

When testing, code 
that causes React 
state updates should 
be wrapped into 
act(...):

act(() => {
  /* fire events that 
update state */
});
/* assert on the 
output */

This ensures that 
you're testing the 
behavior the user 
would see in the 
browser. Learn more at 
https://react.dev/link/
wrap-tests-with-act

[90mstderr[2m | src/_
_tests__/components/dat
a-page-shell.test.tsx[
2m > 
[22m[2mDataPageShell 
Component[2m > 
[22m[2mdoes not show 
Save button when not 
dirty
[22m[39mAn update to 
DataPageShell inside a 
test was not wrapped 
in act(...).

When testing, code 
that causes React 
state updates should 
be wrapped into 
act(...):

act(() => {
  /* fire events that 
update state */
});
/* assert on the 
output */

This ensures that 
you're testing the 
behavior the user 
would see in the 
browser. Learn more at 
https://react.dev/link/
wrap-tests-with-act

 [31mΓ¥»[39m src/__tests__/components/data-page-shell.test.tsx [2m([22m[2m12 tests[22m[2m | [22m[31m2 failed[39m[2m)[22m[32m 253[2mms[22m[39m
     [32mΓ£ô[39m renders the title[32m 84[2mms[22m[39m
     [32mΓ£ô[39m renders the month/year selector[32m 18[2mms[22m[39m
     [32mΓ£ô[39m renders Draft status badge by default[32m 11[2mms[22m[39m
     [32mΓ£ô[39m renders the grid after loading[32m 21[2mms[22m[39m
     [32mΓ£ô[39m calls fetchPageData on mount[32m 16[2mms[22m[39m
[31m     [31m├ù[31m renders tabs when provided[39m[32m 18[2mms[22m[39m
[31m     [31m├ù[31m switches tabs on click[39m[32m 13[2mms[22m[39m
     [32mΓ£ô[39m renders Upload button (user is DATA_MANAGER by default in provider)[32m 9[2mms[22m[39m
     [32mΓ£ô[39m renders row count pill[32m 16[2mms[22m[39m
     [32mΓ£ô[39m changes selected month[32m 18[2mms[22m[39m
     [32mΓ£ô[39m changes selected year[32m 15[2mms[22m[39m
     [32mΓ£ô[39m does not show Save button when not dirty[32m 9[2mms[22m[39m

[31mΓÄ»ΓÄ»ΓÄ»ΓÄ»ΓÄ»ΓÄ»
ΓÄ»[39m[1m[41m 
Failed Tests 2 [49m[2
2m[31mΓÄ»ΓÄ»ΓÄ»ΓÄ»ΓÄ»Γ
Ä»ΓÄ»[39m

[41m[1m FAIL 
[22m[49m src/__tests_
_/components/data-page-
shell.test.tsx[2m > 
[22mDataPageShell 
Component[2m > 
[22mrenders tabs when 
provided
[31m[1mTestingLibrary
ElementError[22m[39m:
 Unable to find an 
element with the text: 
Tab One. This could be 
because the text is 
broken up by multiple 
elements. In this 
case, you can provide 
a function for your 
text matcher to make 
your matcher more 
flexible.

Ignored nodes: 
comments, script, style
[36m<body>[39m
  [36m<div>[39m
    [36m<div[39m
      [33mclass[39m=
[32m"space-y-2"[39m
    [36m>[39m
      [36m<div[39m
        [33mclass[39m
=[32m"flex flex-wrap 
items-center 
justify-between gap-2 
rounded-xl border 
border-white/10 px-4 
py-1.5"[39m
        [33mstyle[39m
=[32m"background: var(
--navbar-carousel-color
);"[39m
      [36m>[39m
        [36m<div[39m
          [33mclass[3
9m=[32m"flex 
items-center gap-2 
min-w-0"[39m
        [36m>[39m
          [36m<h1[39m
            [33mclass
[39m=[32m"text-base 
font-bold text-white 
truncate"[39m
          [36m>[39m
            
[0mCSAT[0m
          
[36m</h1>[39m
          
[36m<svg[39m
            [33maria-h
idden[39m=[32m"true"
[39m
            [33mclass
[39m=[32m"lucide 
lucide-chevron-right 
h-3.5 w-3.5 
shrink-0"[39m
            [33mfill[
39m=[32m"none"[39m
            [33mheight
[39m=[32m"24"[39m
            [33mstroke
[39m=[32m"currentColo
r"[39m
            [33mstroke
-linecap[39m=[32m"rou
nd"[39m
            [33mstroke
-linejoin[39m=[32m"ro
und"[39m
            [33mstroke
-width[39m=[32m"2"[3
9m
            [33mstyle
[39m=[32m"color: 
var(--circle);"[39m
            [33mviewBo
x[39m=[32m"0 0 24 
24"[39m
            [33mwidth
[39m=[32m"24"[39m
            [33mxmlns
[39m=[32m"http://www.w
3.org/2000/svg"[39m
          [36m>[39m
            
[36m<path[39m
              
[33md[39m=[32m"m9 
18 6-6-6-6"[39m
            
[36m/>[39m
          
[36m</svg>[39m
          
[36m<div[39m
            [33mclass
[39m=[32m"flex 
items-center gap-2 
shrink-0"[39m
          [36m>[39m
            
[36m<div[39m
              [33mclas
s[39m=[32m"flex 
items-center gap-1 
rounded-md border 
border-white/10 px-2 
py-1"[39m
              [33mstyl
e[39m=[32m"background
: rgba(255, 255, 255, 
0.04);"[39m
            [36m>[39m
              
[36m<svg[39m
                [33mar
ia-hidden[39m=[32m"tr
ue"[39m
                [33mcl
ass[39m=[32m"lucide 
lucide-calendar h-3 
w-3"[39m
                [33mfi
ll[39m=[32m"none"[39
m
                [33mhe
ight[39m=[32m"24"[39
m
                [33mst
roke[39m=[32m"current
Color"[39m
                [33mst
roke-linecap[39m=[32m
"round"[39m
                [33mst
roke-linejoin[39m=[32
m"round"[39m
                [33mst
roke-width[39m=[32m"2
"[39m
                [33mst
yle[39m=[32m"color: 
var(--circle);"[39m
                [33mvi
ewBox[39m=[32m"0 0 
24 24"[39m
                [33mwi
dth[39m=[32m"24"[39m
                [33mxm
lns[39m=[32m"http://w
ww.w3.org/2000/svg"[39
m
              
[36m>[39m
                
[36m<path[39m
                  
[33md[39m=[32m"M8 
2v4"[39m
                
[36m/>[39m
                
[36m<path[39m
                  
[33md[39m=[32m"M16 
2v4"[39m
                
[36m/>[39m
                
[36m<rect[39m
                  [33m
height[39m=[32m"18"[
39m
                  [33m
rx[39m=[32m"2"[39m
                  [33m
width[39m=[32m"18"[3
9m
                  [33m
x[39m=[32m"3"[39m
                  [33m
y[39m=[32m"4"[39m
                
[36m/>[39m
                
[36m<path[39m
                  
[33md[39m=[32m"M3 
10h18"[39m
                
[36m/>[39m
              
[36m</svg>[39m
              
[36m<select[39m
                [33mcl
ass[39m=[32m"bg-trans
parent text-xs 
text-white 
outline-none 
cursor-pointer"[39m
              
[36m>[39m
                
[36m<option[39m
                  [33m
style[39m=[32m"backgr
ound: var(--navbar-caro
usel-color);"[39m
                  [33m
value[39m=[32m"1"[39
m
                
[36m>[39m
                  
[0mJanuary[0m
                
[36m</option>[39m
                
[36m<option[39m
                  [33m
style[39m=[32m"backgr
ound: var(--navbar-caro
usel-color);"[39m
                  [33m
value[39m=[32m"2"[39
m
                
[36m>[39m
                  
[0mFebruary[0m
                
[36m</option>[39m
                
[36m<option[39m
                  [33m
style[39m=[32m"backgr
ound: var(--navbar-caro
usel-color);"[39m
                  [33m
value[39m=[32m"3"[39
m
                
[36m>[39m
                  
[0mMarch[0m
                
[36m</option>[39m
                
[36m<option[39m
                  [33m
style[39m=[32m"backgr
ound: var(--navbar-caro
usel-color);"[39m
                  [33m
value[39m=[32m"4"[39
m
                
[36m>[39m
                  
[0mApril[0m
                
[36m</option>[39m
                
[36m<option[39m
                  [33m
style[39m=[32m"backgr
ound: var(--navbar-caro
usel-color);"[39m
                  [33m
value[39m=[32m"5"[39
m
                
[36m>[39m
                  
[0mMay[0m
                
[36m</option>[39m
                
[36m<option[39m
                  [33m
style[39m=[32m"backgr
ound: var(--navbar-caro
usel-color);"[39m
                  [33m
value[39m=[32m"6"[39
m
                
[36m>[39m
                  
[0mJune[0m
                
[36m</option>[39m
                
[36m<option[39m
                  [33m
style[39m=[32m"backgr
ound: var(--navbar-caro
usel-color);"[39m
                  [33m
value[39m=[32m"7"[39
m
                
[36m>[39m
                  
[0mJuly[0m
                
[36m</option>[39m
                
[36m<option[39m
                  [33m
style[39m=[32m"backgr
ound: var(--navbar-caro
usel-color);"[39m
                  [33m
value[39m=[32m"8"[39
m
                
[36m>[39m
                  
[0mAugust[0m
                
[36m</option>[39m
                
[36m<option[39m
                  [33m
style[39m=[32m"backgr
ound: var(--navbar-caro
usel-color);"[39m
                  [33m
value[39m=[32m"9"[39
m
                
[36m>[39m
                  
[0mSeptember[0m
                
[36m</option>[39m
                
[36m<option[39m
                  [33m
style[39m=[32m"backgr
ound: var(--navbar-caro
usel-color);"[39m
                  [33m
value[39m=[32m"10"[3
9m
                
[36m>[39m
                  
[0mOctober[0m
                
[36m</option>[39m
                
[36m<option[39m
                  [33m
style[39m=[32m"backgr
ound: var(--navbar-caro
usel-color);"[39m
                  [33m
value[39m=[32m"11"[3
9m
                
[36m>[39m
                  
[0mNovember[0m
                
[36m</option>[39m
                
[36m<option[39m
                  [33m
style[39m=[32m"backgr
ound: var(--navbar-caro
usel-color);"[39m
                  [33m
value[39m=[32m"12"[3
9m
                
[36m>[39m
                  
[0mDecember[0m
                
[36m</option>[39m
              
[36m</select>[39m
              
[36m<select[39m
                [33mcl
ass[39m=[32m"bg-trans
parent text-xs 
text-white 
outline-none 
cursor-pointer"[39m
              
[36m>[39m
                
[36m<option[39m
                  [33m
style[39m=[32m"backgr
ound: var(--navbar-caro
usel-color);"[39m
                  [33m
value[39m=[32m"2024"
[39m
                
[36m>[39m
                  
[0m2024[0m
                
[36m</option>[39m
                
[36m<option[39m
                  [33m
style[39m=[32m"backgr
ound: var(--navbar-caro
usel-color);"[39m
                  [33m
value[39m=[32m"2025"
[39m
                
[36m>[39m
                  
[0m2025[0m
                
[36m</option>[39m
                
[36m<option[39m
                  [33m
style[39m=[32m"backgr
ound: var(--navbar-caro
usel-color);"[39m
                  [33m
value[39m=[32m"2026"
[39m
                
[36m>[39m
                  
[0m2026[0m
                
[36m</option>[39m
                
[36m<option[39m
                  [33m
style[39m=[32m"backgr
ound: var(--navbar-caro
usel-color);"[39m
                  [33m
value[39m=[32m"2027"
[39m
                
[36m>[39m
                  
[0m2027[0m
                
[36m</option>[39m
                
[36m<option[39m
                  [33m
style[39m=[32m"backgr
ound: var(--navbar-caro
usel-color);"[39m
                  [33m
value[39m=[32m"2028"
[39m
                
[36m>[39m
                  
[0m2028[0m
                
[36m</option>[39m
              
[36m</select>[39m
            
[36m</div>[39m
            
[36m<span[39m
              [33mclas
s[39m=[32m"text-[10px
] px-2 py-0.5 
rounded-full 
font-medium"[39m
              [33mstyl
e[39m=[32m"background
: rgba(0, 233, 191, 
0.1); color: var(--neon
-green);"[39m
            [36m>[39m
              
[0mΓÇª[0m
            
[36m</span>[39m
          
[36m</div>[39m
        
[36m</div>[39m
        [36m<div[39m
          [33mclass[3
9m=[32m"flex 
items-center 
gap-1.5"[39m
        [36m>[39m
          
[36m<div[39m
            [33mclass
[39m=[32m"flex 
items-center gap-1 
rounded-full border 
px-2 py-0.5 
text-[10px] 
font-medium text-[var(-
-old-price)] bg-[var(--
input-color)] border-[v
ar(--circle)]"[39m
          [36m>[39m
            
[36m<svg[39m
              [33maria
-hidden[39m=[32m"true
"[39m
              [33mclas
s[39m=[32m"lucide 
lucide-file-xcorner 
lucide-file-x-corner 
h-3 w-3"[39m
              [33mfill
[39m=[32m"none"[39m
              [33mheig
ht[39m=[32m"24"[39m
              [33mstro
ke[39m=[32m"currentCo
lor"[39m
              [33mstro
ke-linecap[39m=[32m"r
ound"[39m
              [33mstro
ke-linejoin[39m=[32m"
round"[39m
              [33mstro
ke-width[39m=[32m"2"
[39m
              [33mview
Box[39m=[32m"0 0 24 
24"[39m
              [33mwidt
h[39m=[32m"24"[39m
              [33mxmln
s[39m=[32m"http://www
.w3.org/2000/svg"[39m
            [36m>[39m
              
[36m<path[39m
                
[33md[39m=[32m"M11 
22H6a2 2 0 0 1-2-2V4a2 
2 0 0 1 2-2h8a2.4 2.4 
0 0 1 1.706.706l3.588 
3.588A2.4 2.4 0 0 1 20 
8v5"[39m
              
[36m/>[39m
              
[36m<path[39m
                
[33md[39m=[32m"M14 
2v5a1 1 0 0 0 1 
1h5"[39m
              
[36m/>[39m
              
[36m<path[39m
                
[33md[39m=[32m"m15 
17 5 5"[39m
              
[36m/>[39m
              
[36m<path[39m
                
[33md[39m=[32m"m20 
17-5 5"[39m
              
[36m/>[39m
            
[36m</svg>[39m
            
[0mDraft[0m
          
[36m</div>[39m
        
[36m</div>[39m
      [36m</div>[39m
      [36m<div[39m
        [33mclass[39m
=[32m"flex-1 
min-h-0"[39m
      [36m>[39m
        [36m<div[39m
          [33mclass[3
9m=[32m"flex 
items-center 
justify-center 
py-20"[39m
        [36m>[39m
          
[36m<svg[39m
            [33maria-h
idden[39m=[32m"true"
[39m
            [33mclass
[39m=[32m"lucide 
lucide-loader-circle 
h-8 w-8 
animate-spin"[39m
            [33mfill[
39m=[32m"none"[39m
            [33mheight
[39m=[32m"24"[39m
            [33mstroke
[39m=[32m"currentColo
r"[39m
            [33mstroke
-linecap[39m=[32m"rou
nd"[39m
            [33mstroke
-linejoin[39m=[32m"ro
und"[39m
            [33mstroke
-width[39m=[32m"2"[3
9m
            [33mstyle
[39m=[32m"color: var(-
-neon-green);"[39m
            [33mviewBo
x[39m=[32m"0 0 24 
24"[39m
            [33mwidth
[39m=[32m"24"[39m
            [33mxmlns
[39m=[32m"http://www.w
3.org/2000/svg"[39m
          [36m>[39m
            
[36m<path[39m
              
[33md[39m=[32m"M21 
12a9 9 0 1 
1-6.219-8.56"[39m
            
[36m/>[39m
          
[36m</svg>[39m
        
[36m</div>[39m
      [36m</div>[39m
    [36m</div>[39m
  [36m</div>[39m
[36m</body>[39m
[90m [2mΓ¥»[22m 
Object.getElementError 
node_modules/@testing-l
ibrary/dom/dist/config.
js:[2m37:19[22m[39m
[90m [2mΓ¥»[22m node
_modules/@testing-libra
ry/dom/dist/query-helpe
rs.js:[2m76:38[22m[3
9m
[90m [2mΓ¥»[22m node
_modules/@testing-libra
ry/dom/dist/query-helpe
rs.js:[2m52:17[22m[3
9m
[90m [2mΓ¥»[22m node
_modules/@testing-libra
ry/dom/dist/query-helpe
rs.js:[2m95:19[22m[3
9m
[36m [2mΓ¥»[22m src/
__tests__/components/da
ta-page-shell.test.tsx:
[2m78:19[22m[39m
    [90m 76|[39m     
}[33m;[39m
    [90m 77|[39m     
[34mrenderWithProvider
s[39m([33m<[39m[33m
DataPageShell[39m [33
m{[39m[33m...[39mtab
bedProps[33m}[39m [3
3m/[39m[33m>[39m)[3
3m;[39m
    [90m 78|[39m     
[34mexpect[39m(screen
[33m.[39m[34mgetByTe
xt[39m([32m'Tab One'
[39m))[33m.[39m[34mt
oBeInTheDocument[39m()
[33m;[39m
    [90m   |[39m     
              
[31m^[39m
    [90m 79|[39m     
[34mexpect[39m(screen
[33m.[39m[34mgetByTe
xt[39m([32m'Tab Two'
[39m))[33m.[39m[34mt
oBeInTheDocument[39m()
[33m;[39m
    [90m 80|[39m   
})[33m;[39m

[31m[2mΓÄ»ΓÄ»ΓÄ»ΓÄ»ΓÄ
»ΓÄ»ΓÄ»ΓÄ»ΓÄ»ΓÄ»ΓÄ»ΓÄ»Γ
Ä»ΓÄ»ΓÄ»ΓÄ»ΓÄ»ΓÄ»ΓÄ»ΓÄ»
ΓÄ»ΓÄ»ΓÄ»ΓÄ»[1/2]ΓÄ»[2
2m[39m

[41m[1m FAIL 
[22m[49m src/__tests_
_/components/data-page-
shell.test.tsx[2m > 
[22mDataPageShell 
Component[2m > 
[22mswitches tabs on 
click
[31m[1mTestingLibrary
ElementError[22m[39m:
 Unable to find an 
element with the text: 
Tab Two. This could be 
because the text is 
broken up by multiple 
elements. In this 
case, you can provide 
a function for your 
text matcher to make 
your matcher more 
flexible.

Ignored nodes: 
comments, script, style
[36m<body>[39m
  [36m<div>[39m
    [36m<div[39m
      [33mclass[39m=
[32m"space-y-2"[39m
    [36m>[39m
      [36m<div[39m
        [33mclass[39m
=[32m"flex flex-wrap 
items-center 
justify-between gap-2 
rounded-xl border 
border-white/10 px-4 
py-1.5"[39m
        [33mstyle[39m
=[32m"background: var(
--navbar-carousel-color
);"[39m
      [36m>[39m
        [36m<div[39m
          [33mclass[3
9m=[32m"flex 
items-center gap-2 
min-w-0"[39m
        [36m>[39m
          [36m<h1[39m
            [33mclass
[39m=[32m"text-base 
font-bold text-white 
truncate"[39m
          [36m>[39m
            
[0mCSAT[0m
          
[36m</h1>[39m
          
[36m<svg[39m
            [33maria-h
idden[39m=[32m"true"
[39m
            [33mclass
[39m=[32m"lucide 
lucide-chevron-right 
h-3.5 w-3.5 
shrink-0"[39m
            [33mfill[
39m=[32m"none"[39m
            [33mheight
[39m=[32m"24"[39m
            [33mstroke
[39m=[32m"currentColo
r"[39m
            [33mstroke
-linecap[39m=[32m"rou
nd"[39m
            [33mstroke
-linejoin[39m=[32m"ro
und"[39m
            [33mstroke
-width[39m=[32m"2"[3
9m
            [33mstyle
[39m=[32m"color: 
var(--circle);"[39m
            [33mviewBo
x[39m=[32m"0 0 24 
24"[39m
            [33mwidth
[39m=[32m"24"[39m
            [33mxmlns
[39m=[32m"http://www.w
3.org/2000/svg"[39m
          [36m>[39m
            
[36m<path[39m
              
[33md[39m=[32m"m9 
18 6-6-6-6"[39m
            
[36m/>[39m
          
[36m</svg>[39m
          
[36m<div[39m
            [33mclass
[39m=[32m"flex 
items-center gap-2 
shrink-0"[39m
          [36m>[39m
            
[36m<div[39m
              [33mclas
s[39m=[32m"flex 
items-center gap-1 
rounded-md border 
border-white/10 px-2 
py-1"[39m
              [33mstyl
e[39m=[32m"background
: rgba(255, 255, 255, 
0.04);"[39m
            [36m>[39m
              
[36m<svg[39m
                [33mar
ia-hidden[39m=[32m"tr
ue"[39m
                [33mcl
ass[39m=[32m"lucide 
lucide-calendar h-3 
w-3"[39m
                [33mfi
ll[39m=[32m"none"[39
m
                [33mhe
ight[39m=[32m"24"[39
m
                [33mst
roke[39m=[32m"current
Color"[39m
                [33mst
roke-linecap[39m=[32m
"round"[39m
                [33mst
roke-linejoin[39m=[32
m"round"[39m
                [33mst
roke-width[39m=[32m"2
"[39m
                [33mst
yle[39m=[32m"color: 
var(--circle);"[39m
                [33mvi
ewBox[39m=[32m"0 0 
24 24"[39m
                [33mwi
dth[39m=[32m"24"[39m
                [33mxm
lns[39m=[32m"http://w
ww.w3.org/2000/svg"[39
m
              
[36m>[39m
                
[36m<path[39m
                  
[33md[39m=[32m"M8 
2v4"[39m
                
[36m/>[39m
                
[36m<path[39m
                  
[33md[39m=[32m"M16 
2v4"[39m
                
[36m/>[39m
                
[36m<rect[39m
                  [33m
height[39m=[32m"18"[
39m
                  [33m
rx[39m=[32m"2"[39m
                  [33m
width[39m=[32m"18"[3
9m
                  [33m
x[39m=[32m"3"[39m
                  [33m
y[39m=[32m"4"[39m
                
[36m/>[39m
                
[36m<path[39m
                  
[33md[39m=[32m"M3 
10h18"[39m
                
[36m/>[39m
              
[36m</svg>[39m
              
[36m<select[39m
                [33mcl
ass[39m=[32m"bg-trans
parent text-xs 
text-white 
outline-none 
cursor-pointer"[39m
              
[36m>[39m
                
[36m<option[39m
                  [33m
style[39m=[32m"backgr
ound: var(--navbar-caro
usel-color);"[39m
                  [33m
value[39m=[32m"1"[39
m
                
[36m>[39m
                  
[0mJanuary[0m
                
[36m</option>[39m
                
[36m<option[39m
                  [33m
style[39m=[32m"backgr
ound: var(--navbar-caro
usel-color);"[39m
                  [33m
value[39m=[32m"2"[39
m
                
[36m>[39m
                  
[0mFebruary[0m
                
[36m</option>[39m
                
[36m<option[39m
                  [33m
style[39m=[32m"backgr
ound: var(--navbar-caro
usel-color);"[39m
                  [33m
value[39m=[32m"3"[39
m
                
[36m>[39m
                  
[0mMarch[0m
                
[36m</option>[39m
                
[36m<option[39m
                  [33m
style[39m=[32m"backgr
ound: var(--navbar-caro
usel-color);"[39m
                  [33m
value[39m=[32m"4"[39
m
                
[36m>[39m
                  
[0mApril[0m
                
[36m</option>[39m
                
[36m<option[39m
                  [33m
style[39m=[32m"backgr
ound: var(--navbar-caro
usel-color);"[39m
                  [33m
value[39m=[32m"5"[39
m
                
[36m>[39m
                  
[0mMay[0m
                
[36m</option>[39m
                
[36m<option[39m
                  [33m
style[39m=[32m"backgr
ound: var(--navbar-caro
usel-color);"[39m
                  [33m
value[39m=[32m"6"[39
m
                
[36m>[39m
                  
[0mJune[0m
                
[36m</option>[39m
                
[36m<option[39m
                  [33m
style[39m=[32m"backgr
ound: var(--navbar-caro
usel-color);"[39m
                  [33m
value[39m=[32m"7"[39
m
                
[36m>[39m
                  
[0mJuly[0m
                
[36m</option>[39m
                
[36m<option[39m
                  [33m
style[39m=[32m"backgr
ound: var(--navbar-caro
usel-color);"[39m
                  [33m
value[39m=[32m"8"[39
m
                
[36m>[39m
                  
[0mAugust[0m
                
[36m</option>[39m
                
[36m<option[39m
                  [33m
style[39m=[32m"backgr
ound: var(--navbar-caro
usel-color);"[39m
                  [33m
value[39m=[32m"9"[39
m
                
[36m>[39m
                  
[0mSeptember[0m
                
[36m</option>[39m
                
[36m<option[39m
                  [33m
style[39m=[32m"backgr
ound: var(--navbar-caro
usel-color);"[39m
                  [33m
value[39m=[32m"10"[3
9m
                
[36m>[39m
                  
[0mOctober[0m
                
[36m</option>[39m
                
[36m<option[39m
                  [33m
style[39m=[32m"backgr
ound: var(--navbar-caro
usel-color);"[39m
                  [33m
value[39m=[32m"11"[3
9m
                
[36m>[39m
                  
[0mNovember[0m
                
[36m</option>[39m
                
[36m<option[39m
                  [33m
style[39m=[32m"backgr
ound: var(--navbar-caro
usel-color);"[39m
                  [33m
value[39m=[32m"12"[3
9m
                
[36m>[39m
                  
[0mDecember[0m
                
[36m</option>[39m
              
[36m</select>[39m
              
[36m<select[39m
                [33mcl
ass[39m=[32m"bg-trans
parent text-xs 
text-white 
outline-none 
cursor-pointer"[39m
              
[36m>[39m
                
[36m<option[39m
                  [33m
style[39m=[32m"backgr
ound: var(--navbar-caro
usel-color);"[39m
                  [33m
value[39m=[32m"2024"
[39m
                
[36m>[39m
                  
[0m2024[0m
                
[36m</option>[39m
                
[36m<option[39m
                  [33m
style[39m=[32m"backgr
ound: var(--navbar-caro
usel-color);"[39m
                  [33m
value[39m=[32m"2025"
[39m
                
[36m>[39m
                  
[0m2025[0m
                
[36m</option>[39m
                
[36m<option[39m
                  [33m
style[39m=[32m"backgr
ound: var(--navbar-caro
usel-color);"[39m
                  [33m
value[39m=[32m"2026"
[39m
                
[36m>[39m
                  
[0m2026[0m
                
[36m</option>[39m
                
[36m<option[39m
                  [33m
style[39m=[32m"backgr
ound: var(--navbar-caro
usel-color);"[39m
                  [33m
value[39m=[32m"2027"
[39m
                
[36m>[39m
                  
[0m2027[0m
                
[36m</option>[39m
                
[36m<option[39m
                  [33m
style[39m=[32m"backgr
ound: var(--navbar-caro
usel-color);"[39m
                  [33m
value[39m=[32m"2028"
[39m
                
[36m>[39m
                  
[0m2028[0m
                
[36m</option>[39m
              
[36m</select>[39m
            
[36m</div>[39m
            
[36m<span[39m
              [33mclas
s[39m=[32m"text-[10px
] px-2 py-0.5 
rounded-full 
font-medium"[39m
              [33mstyl
e[39m=[32m"background
: rgba(0, 233, 191, 
0.1); color: var(--neon
-green);"[39m
            [36m>[39m
              
[0mΓÇª[0m
            
[36m</span>[39m

[2m Test Files [22m [1m[31m1 failed[39m[22m[90m (1)[39m
[2m      Tests [22m [1m[31m2 failed[39m[22m[2m | [22m[1m[32m10 passed[39m[22m[90m (12)[39m
[2m   Start at [22m 21:19:48
[2m   Duration [22m 3.25s[2m (transform 258ms, setup 131ms, import 656ms, tests 253ms, environment 955ms)[22m

          
[36m</div>[39m
        
[36m</div>[39m
        [36m<div[39m
          [33mclass[3
9m=[32m"flex 
items-center 
gap-1.5"[39m
        [36m>[39m
          
[36m<div[39m
            [33mclass
[39m=[32m"flex 
items-center gap-1 
rounded-full border 
px-2 py-0.5 
text-[10px] 
font-medium text-[var(-
-old-price)] bg-[var(--
input-color)] border-[v
ar(--circle)]"[39m
          [36m>[39m
            
[36m<svg[39m
              [33maria
-hidden[39m=[32m"true
"[39m
              [33mclas
s[39m=[32m"lucide 
lucide-file-xcorner 
lucide-file-x-corner 
h-3 w-3"[39m
              [33mfill
[39m=[32m"none"[39m
              [33mheig
ht[39m=[32m"24"[39m
              [33mstro
ke[39m=[32m"currentCo
lor"[39m
              [33mstro
ke-linecap[39m=[32m"r
ound"[39m
              [33mstro
ke-linejoin[39m=[32m"
round"[39m
              [33mstro
ke-width[39m=[32m"2"
[39m
              [33mview
Box[39m=[32m"0 0 24 
24"[39m
              [33mwidt
h[39m=[32m"24"[39m
              [33mxmln
s[39m=[32m"http://www
.w3.org/2000/svg"[39m
            [36m>[39m
              
[36m<path[39m
                
[33md[39m=[32m"M11 
22H6a2 2 0 0 1-2-2V4a2 
2 0 0 1 2-2h8a2.4 2.4 
0 0 1 1.706.706l3.588 
3.588A2.4 2.4 0 0 1 20 
8v5"[39m
              
[36m/>[39m
              
[36m<path[39m
                
[33md[39m=[32m"M14 
2v5a1 1 0 0 0 1 
1h5"[39m
              
[36m/>[39m
              
[36m<path[39m
                
[33md[39m=[32m"m15 
17 5 5"[39m
              
[36m/>[39m
              
[36m<path[39m
                
[33md[39m=[32m"m20 
17-5 5"[39m
              
[36m/>[39m
            
[36m</svg>[39m
            
[0mDraft[0m
          
[36m</div>[39m
        
[36m</div>[39m
      [36m</div>[39m
      [36m<div[39m
        [33mclass[39m
=[32m"flex-1 
min-h-0"[39m
      [36m>[39m
        [36m<div[39m
          [33mclass[3
9m=[32m"flex 
items-center 
justify-center 
py-20"[39m
        [36m>[39m
          
[36m<svg[39m
            [33maria-h
idden[39m=[32m"true"
[39m
            [33mclass
[39m=[32m"lucide 
lucide-loader-circle 
h-8 w-8 
animate-spin"[39m
            [33mfill[
39m=[32m"none"[39m
            [33mheight
[39m=[32m"24"[39m
            [33mstroke
[39m=[32m"currentColo
r"[39m
            [33mstroke
-linecap[39m=[32m"rou
nd"[39m
            [33mstroke
-linejoin[39m=[32m"ro
und"[39m
            [33mstroke
-width[39m=[32m"2"[3
9m
            [33mstyle
[39m=[32m"color: var(-
-neon-green);"[39m
            [33mviewBo
x[39m=[32m"0 0 24 
24"[39m
            [33mwidth
[39m=[32m"24"[39m
            [33mxmlns
[39m=[32m"http://www.w
3.org/2000/svg"[39m
          [36m>[39m
            
[36m<path[39m
              
[33md[39m=[32m"M21 
12a9 9 0 1 
1-6.219-8.56"[39m
            
[36m/>[39m
          
[36m</svg>[39m
        
[36m</div>[39m
      [36m</div>[39m
    [36m</div>[39m
  [36m</div>[39m
[36m</body>[39m
[90m [2mΓ¥»[22m 
Object.getElementError 
node_modules/@testing-l
ibrary/dom/dist/config.
js:[2m37:19[22m[39m
[90m [2mΓ¥»[22m node
_modules/@testing-libra
ry/dom/dist/query-helpe
rs.js:[2m76:38[22m[3
9m
[90m [2mΓ¥»[22m node
_modules/@testing-libra
ry/dom/dist/query-helpe
rs.js:[2m52:17[22m[3
9m
[90m [2mΓ¥»[22m node
_modules/@testing-libra
ry/dom/dist/query-helpe
rs.js:[2m95:19[22m[3
9m
[36m [2mΓ¥»[22m src/
__tests__/components/da
ta-page-shell.test.tsx:
[2m91:28[22m[39m
    [90m 89|[39m     
}[33m;[39m
    [90m 90|[39m     
[34mrenderWithProvider
s[39m([33m<[39m[33m
DataPageShell[39m [33
m{[39m[33m...[39mtab
bedProps[33m}[39m [3
3m/[39m[33m>[39m)[3
3m;[39m
    [90m 91|[39m     
fireEvent[33m.[39m[3
4mclick[39m(screen[33
m.[39m[34mgetByText[
39m([32m'Tab 
Two'[39m))[33m;[39m
    [90m   |[39m     
                       
[31m^[39m
    [90m 92|[39m     
[35mawait[39m 
[34mwaitFor[39m(() 
[33m=>[39m {
    [90m 93|[39m     
  [34mexpect[39m(scre
en[33m.[39m[34mgetBy
TestId[39m([32m'ag-gr
id-mock'[39m))[33m.[
39m[34mtoBeInTheDocume
nt[39m()[33m;[39m

[31m[2mΓÄ»ΓÄ»ΓÄ»ΓÄ»ΓÄ
»ΓÄ»ΓÄ»ΓÄ»ΓÄ»ΓÄ»ΓÄ»ΓÄ»Γ
Ä»ΓÄ»ΓÄ»ΓÄ»ΓÄ»ΓÄ»ΓÄ»ΓÄ»
ΓÄ»ΓÄ»ΓÄ»ΓÄ»[2/2]ΓÄ»[2
2m[39m

